{"乾濕分離":{"id":"fb8bb9b0-0074-4fc7-895b-7d84841e2cb7","argument":[{"pos":"ACTION_verb","text":"乾濕","checked":false,"checkbox":false},{"pos":"ACTION_verb","text":"分離","checked":false,"checkbox":false}]},"公共浴室":{"id":"80d38776-e472-42b0-8b2c-4f14308f0bcb","argument":[{"pos":"MODIFIER","text":"公共","checked":false,"checkbox":false},{"pos":"ENTITY_nounHead","text":"浴室","checked":true,"checkbox":true}]},"獨立衛浴":{"id":"545a05bb-e069-44e6-8a78-c32f4b7b4644","argument":[{"pos":"ACTION_verb","text":"獨立","checked":false,"checkbox":false},{"pos":"ENTITY_nouny","text":"衛浴","checked":true,"checkbox":true}]},"version":{"atk":"v239","intent":"1.0"},"user_defined":{"rent":["房租","租金"],"equipment":["床","房","wifi","WIFI","Wifi","internet","Internet","早餐","吧台","廚房","健身房"]}}