{"乾濕分離":{"id":"e0e522f2-b5a9-4574-aaff-4e53f3eec378","argument":[{"pos":"ACTION_verb","text":"乾濕","checked":false,"checkbox":false},{"pos":"ACTION_verb","text":"分離","checked":false,"checkbox":false}]},"公共浴室":{"id":"d8ccce8c-742b-4f0f-8ad9-75b5fb0ea901","argument":[{"pos":"MODIFIER","text":"公共","checked":false,"checkbox":false},{"pos":"UserDefined","text":"浴室","checked":true,"checkbox":true}]},"獨立衛浴":{"id":"f2a9176c-20af-4de8-9246-ab43973a8200","argument":[{"pos":"ACTION_verb","text":"獨立","checked":false,"checkbox":false},{"pos":"UserDefined","text":"衛浴","checked":true,"checkbox":true}]},"version":{"atk":"v239","intent":"1.0"},"user_defined":{"rent":["房租","租金"],"animal":["動物","狗","貓"],"service":["wifi","WIFI","Wifi","internet","Internet","早餐","吧台","廚房","健身房"],"bathroom":["衛浴","浴室"],"quantity":["一","兩","三","四"],"money_type":["美金","台幣"]}}