{"兩張床":{"id":"ee1b20b1-ba75-4c67-9316-97dad45a73aa","argument":[{"pos":"ENTITY_classifier","text":"兩張","checked":true,"checkbox":false},{"pos":"ENTITY_nouny","text":"床","checked":false,"checkbox":true}]},"兩人住，一張床就行":{"id":"3f9b38fb-19de-462c-a4cc-f8316763a6a8","argument":[{"pos":"ENTITY_num","text":"兩","checked":false,"checkbox":true},{"pos":"ENTITY_noun","text":"人","checked":false,"checkbox":true},{"pos":"ACTION_verb","text":"住","checked":false,"checkbox":false},{"pos":"PUNCTUATION","text":"，","checked":false,"checkbox":false},{"pos":"ENTITY_classifier","text":"一張","checked":true,"checkbox":false},{"pos":"ENTITY_nouny","text":"床","checked":false,"checkbox":true},{"pos":"FUNC_inner","text":"就","checked":false,"checkbox":false},{"pos":"MODIFIER","text":"行","checked":false,"checkbox":false}]},"version":{"atk":"v239","intent":"1.0"},"user_defined":{"quantity":["一，兩，三，四"]}}