{"一張床":{"id":"58de5c91-f68c-4fa7-9210-c1eab159e2ad","argument":[{"pos":"ENTITY_classifier","text":"一張","checked":true,"checkbox":false},{"pos":"ENTITY_nouny","text":"床","checked":false,"checkbox":true}]},"兩房三床":{"id":"c712db44-2054-4497-8d75-d03be1972ed6","argument":[{"pos":"ENTITY_noun","text":"兩房","checked":false,"checkbox":true},{"pos":"ENTITY_classifier","text":"三床","checked":true,"checkbox":false}]},"version":{"atk":"v239","intent":"1.0"},"user_defined":{"quantity":["一，兩，三，四"]}}