{"一張床":{"id":"d13b6f81-3b1c-4d49-b007-ef52034bf31a","argument":[{"pos":"ENTITY_classifier","text":"一張","checked":true,"checkbox":false},{"pos":"UserDefined","text":"床","checked":true,"checkbox":true}]},"兩房三床":{"id":"c62b039f-8b3c-4561-b8ff-096bb8a1c3fc","argument":[{"pos":"ENTITY_num","text":"兩","checked":true,"checkbox":true},{"pos":"UserDefined","text":"房","checked":false,"checkbox":true},{"pos":"ENTITY_num","text":"三","checked":true,"checkbox":true},{"pos":"UserDefined","text":"床","checked":false,"checkbox":true}]},"version":{"atk":"v239","intent":"1.0"},"user_defined":{"rent":["房租","租金"],"equipment":["床","房","wifi","WIFI","Wifi","internet","Internet","早餐","吧台","廚房","健身房"]}}